// Jest Snapshot v1, https://goo.gl/fbAQLP

exports[`Home renders homepage unchanged 1`] = `
<div>
  <main>
    <section
      class="sc-102e2c5f-0 firxws"
    >
      <div
        class="sc-102e2c5f-1 eWdJpZ"
      >
        <div
          class="sc-102e2c5f-2 edCxyW"
        >
          <h2>
            Thullo helps teams move work forward.
          </h2>
          <p>
            Collaborate, manage projects, and reach new productivity peaks. From high rises to the home office, the way your team works is unique — accomplish it all with Thullo.
          </p>
        </div>
        <span
          class="sc-102e2c5f-3 eNESBt"
        >
          <span
            style="box-sizing: border-box; display: inline-block; overflow: hidden; width: 439px; height: 568px; background: none; opacity: 1; border: 0px; margin: 0px; padding: 0px; position: relative;"
          >
            <img
              alt="hero"
              data-nimg="fixed"
              decoding="async"
              src="data:image/gif;base64,R0lGODlhAQABAIAAAAAAAP///yH5BAEAAAAALAAAAAABAAEAAAIBRAA7"
              style="position: absolute; top: 0px; left: 0px; bottom: 0px; right: 0px; box-sizing: border-box; padding: 0px; margin: auto; display: block; width: 0px; height: 0px; min-width: 100%; max-width: 100%; min-height: 100%; max-height: 100%;"
            />
            <noscript />
          </span>
        </span>
      </div>
    </section>
  </main>
</div>
`;
